\BOOKMARK [1][-]{section.1}{\376\377\000E\000l\000\040\000P\000r\000o\000b\000l\000e\000m\000a\000\040\000d\000e\000\040\000l\000o\000s\000\040\000D\000a\000t\000o\000s\000:\000\040\000U\000n\000a\000\040\000P\000e\000r\000s\000p\000e\000c\000t\000i\000v\000a\000\040\000H\000i\000s\000t\000\363\000r\000i\000c\000a}{}% 1
\BOOKMARK [2][-]{subsection.1.1}{\376\377\000E\000r\000a\000\040\000p\000r\000e\000-\000r\000e\000l\000a\000c\000i\000o\000n\000a\000l\000\040\000\050\0001\0009\0005\0000\040\023\0001\0009\0007\0000\000\051}{section.1}% 2
\BOOKMARK [1][-]{section.2}{\376\377\000E\000d\000g\000a\000r\000\040\000F\000.\000\040\000C\000o\000d\000d\000\040\000y\000\040\000e\000l\000\040\000M\000o\000d\000e\000l\000o\000\040\000R\000e\000l\000a\000c\000i\000o\000n\000a\000l}{}% 3
\BOOKMARK [2][-]{subsection.2.1}{\376\377\000L\000a\000s\000\040\0001\0002\000\040\000r\000e\000g\000l\000a\000s\000\040\000d\000e\000\040\000C\000o\000d\000d}{section.2}% 4
\BOOKMARK [1][-]{section.3}{\376\377\000N\000a\000c\000i\000m\000i\000e\000n\000t\000o\000\040\000d\000e\000\040\000S\000Q\000L\000:\000\040\000D\000e\000\040\000S\000E\000Q\000U\000E\000L\000\040\000a\000\040\000S\000Q\000L}{}% 5
\BOOKMARK [2][-]{subsection.3.1}{\376\377\000E\000l\000\040\000p\000r\000i\000m\000e\000r\000\040\000s\000i\000s\000t\000e\000m\000a\000\040\000c\000o\000m\000e\000r\000c\000i\000a\000l\000:\000\040\000O\000r\000a\000c\000l\000e}{section.3}% 6
\BOOKMARK [1][-]{section.4}{\376\377\000\277\000Q\000u\000\351\000\040\000e\000s\000\040\000u\000n\000a\000\040\000B\000a\000s\000e\000\040\000d\000e\000\040\000D\000a\000t\000o\000s\000?}{}% 7
\BOOKMARK [2][-]{subsection.4.1}{\376\377\000A\000n\000a\000l\000o\000g\000\355\000a\000\040\000c\000o\000n\000\040\000e\000l\000\040\000m\000u\000n\000d\000o\000\040\000r\000e\000a\000l}{section.4}% 8
\BOOKMARK [1][-]{section.5}{\376\377\000C\000o\000n\000s\000u\000l\000t\000a\000\040\000d\000e\000\040\000D\000a\000t\000o\000s\000:\000\040\000S\000E\000L\000E\000C\000T}{}% 9
\BOOKMARK [2][-]{subsection.5.1}{\376\377\000S\000i\000n\000t\000a\000x\000i\000s\000\040\000c\000o\000m\000p\000l\000e\000t\000a\000\040\000y\000\040\000c\000l\000\341\000u\000s\000u\000l\000a\000s}{section.5}% 10
\BOOKMARK [2][-]{subsection.5.2}{\376\377\000T\000a\000b\000l\000a\000\040\000d\000e\000\040\000e\000j\000e\000m\000p\000l\000o}{section.5}% 11
\BOOKMARK [2][-]{subsection.5.3}{\376\377\000P\000r\000o\000y\000e\000c\000c\000i\000\363\000n\000\040\000d\000e\000\040\000c\000o\000l\000u\000m\000n\000a\000s\000:\000\040\000S\000E\000L\000E\000C\000T\000\040\000*\000\040\000y\000\040\000c\000o\000l\000u\000m\000n\000a\000s\000\040\000e\000s\000p\000e\000c\000\355\000f\000i\000c\000a\000s}{section.5}% 12
\BOOKMARK [2][-]{subsection.5.4}{\376\377\000O\000p\000e\000r\000a\000d\000o\000r\000e\000s\000\040\000a\000r\000i\000t\000m\000\351\000t\000i\000c\000o\000s}{section.5}% 13
\BOOKMARK [2][-]{subsection.5.5}{\376\377\000O\000p\000e\000r\000a\000d\000o\000r\000e\000s\000\040\000d\000e\000\040\000c\000o\000m\000p\000a\000r\000a\000c\000i\000\363\000n}{section.5}% 14
\BOOKMARK [2][-]{subsection.5.6}{\376\377\000L\000a\000\040\000c\000l\000\341\000u\000s\000u\000l\000a\000\040\000W\000H\000E\000R\000E\000:\000\040\000f\000i\000l\000t\000r\000a\000d\000o\000\040\000d\000e\000\040\000f\000i\000l\000a\000s}{section.5}% 15
\BOOKMARK [2][-]{subsection.5.7}{\376\377\000L\000a\000\040\000c\000l\000\341\000u\000s\000u\000l\000a\000\040\000O\000R\000D\000E\000R\000\040\000B\000Y\000:\000\040\000o\000r\000d\000e\000n\000a\000m\000i\000e\000n\000t\000o}{section.5}% 16
\BOOKMARK [2][-]{subsection.5.8}{\376\377\000L\000a\000\040\000c\000l\000\341\000u\000s\000u\000l\000a\000\040\000L\000I\000M\000I\000T\000\040\000y\000\040\000O\000F\000F\000S\000E\000T\000:\000\040\000p\000a\000g\000i\000n\000a\000c\000i\000\363\000n}{section.5}% 17
\BOOKMARK [2][-]{subsection.5.9}{\376\377\000E\000x\000p\000r\000e\000s\000i\000o\000n\000e\000s\000\040\000c\000o\000n\000\040\000S\000E\000L\000E\000C\000T\000:\000\040\000f\000u\000n\000c\000i\000o\000n\000e\000s\000\040\000d\000e\000\040\000c\000a\000d\000e\000n\000a\000\040\000y\000\040\000f\000e\000c\000h\000a}{section.5}% 18
\BOOKMARK [2][-]{subsection.5.10}{\376\377\000S\000u\000b\000c\000o\000n\000s\000u\000l\000t\000a\000s\000\040\000e\000n\000\040\000S\000E\000L\000E\000C\000T}{section.5}% 19
\BOOKMARK [2][-]{subsection.5.11}{\376\377\000R\000e\000s\000u\000m\000e\000n\000\040\000v\000i\000s\000u\000a\000l\000\040\000d\000e\000\040\000l\000a\000\040\000e\000s\000t\000r\000u\000c\000t\000u\000r\000a\000\040\000d\000e\000\040\000S\000E\000L\000E\000C\000T}{section.5}% 20
\BOOKMARK [1][-]{section.6}{\376\377\000C\000o\000n\000s\000u\000l\000t\000a\000\040\000d\000e\000\040\000D\000a\000t\000o\000s\000\040\000R\000e\000l\000a\000c\000i\000o\000n\000a\000d\000o\000s}{}% 21
\BOOKMARK [2][-]{subsection.6.1}{\376\377\000I\000N\000N\000E\000R\000\040\000J\000O\000I\000N}{section.6}% 22
\BOOKMARK [2][-]{subsection.6.2}{\376\377\000L\000E\000F\000T\000\040\000J\000O\000I\000N}{section.6}% 23
\BOOKMARK [2][-]{subsection.6.3}{\376\377\000R\000I\000G\000H\000T\000\040\000J\000O\000I\000N}{section.6}% 24
\BOOKMARK [2][-]{subsection.6.4}{\376\377\000U\000N\000I\000O\000N}{section.6}% 25
\BOOKMARK [1][-]{section.7}{\376\377\000M\000o\000d\000i\000f\000i\000c\000a\000d\000o\000r\000e\000s\000:\000\040\000P\000a\000r\000t\000e\000\040\0001}{}% 26
\BOOKMARK [2][-]{subsection.7.1}{\376\377\000D\000I\000S\000T\000I\000N\000C\000T}{section.7}% 27
\BOOKMARK [2][-]{subsection.7.2}{\376\377\000W\000H\000E\000R\000E}{section.7}% 28
\BOOKMARK [2][-]{subsection.7.3}{\376\377\000O\000R\000D\000E\000R\000\040\000B\000Y}{section.7}% 29
\BOOKMARK [2][-]{subsection.7.4}{\376\377\000L\000I\000K\000E}{section.7}% 30
\BOOKMARK [2][-]{subsection.7.5}{\376\377\000A\000N\000D\000,\000\040\000O\000R\000,\000\040\000N\000O\000T}{section.7}% 31
\BOOKMARK [2][-]{subsection.7.6}{\376\377\000L\000I\000M\000I\000T}{section.7}% 32
\BOOKMARK [1][-]{section.8}{\376\377\000M\000o\000d\000i\000f\000i\000c\000a\000d\000o\000r\000e\000s\000:\000\040\000P\000a\000r\000t\000e\000\040\0002}{}% 33
\BOOKMARK [2][-]{subsection.8.1}{\376\377\000V\000a\000l\000o\000r\000e\000s\000\040\000N\000U\000L\000L}{section.8}% 34
\BOOKMARK [2][-]{subsection.8.2}{\376\377\000M\000I\000N\000\040\000y\000\040\000M\000A\000X}{section.8}% 35
\BOOKMARK [2][-]{subsection.8.3}{\376\377\000C\000O\000U\000N\000T}{section.8}% 36
\BOOKMARK [2][-]{subsection.8.4}{\376\377\000S\000U\000M}{section.8}% 37
\BOOKMARK [2][-]{subsection.8.5}{\376\377\000A\000V\000G}{section.8}% 38
\BOOKMARK [2][-]{subsection.8.6}{\376\377\000I\000N}{section.8}% 39
\BOOKMARK [2][-]{subsection.8.7}{\376\377\000B\000E\000T\000W\000E\000E\000N}{section.8}% 40
\BOOKMARK [2][-]{subsection.8.8}{\376\377\000A\000L\000I\000A\000S\000\040\000\050\000A\000S\000\051}{section.8}% 41
\BOOKMARK [2][-]{subsection.8.9}{\376\377\000C\000O\000N\000C\000A\000T}{section.8}% 42
\BOOKMARK [2][-]{subsection.8.10}{\376\377\000G\000R\000O\000U\000P\000\040\000B\000Y}{section.8}% 43
\BOOKMARK [2][-]{subsection.8.11}{\376\377\000H\000A\000V\000I\000N\000G}{section.8}% 44
\BOOKMARK [2][-]{subsection.8.12}{\376\377\000C\000A\000S\000E}{section.8}% 45
\BOOKMARK [2][-]{subsection.8.13}{\376\377\000I\000F\000N\000U\000L\000L\000\040\000y\000\040\000C\000O\000A\000L\000E\000S\000C\000E}{section.8}% 46
\BOOKMARK [2][-]{subsection.8.14}{\376\377\000O\000t\000r\000o\000s\000\040\000M\000o\000d\000i\000f\000i\000c\000a\000d\000o\000r\000e\000s}{section.8}% 47
\BOOKMARK [3][-]{subsubsection.8.14.1}{\376\377\000D\000I\000S\000T\000I\000N\000C\000T\000\040\000c\000o\000n\000\040\000f\000u\000n\000c\000i\000o\000n\000e\000s\000\040\000d\000e\000\040\000a\000g\000r\000e\000g\000a\000c\000i\000\363\000n}{subsection.8.14}% 48
\BOOKMARK [3][-]{subsubsection.8.14.2}{\376\377\000R\000O\000L\000L\000U\000P\000:\000\040\000s\000u\000b\000t\000o\000t\000a\000l\000e\000s\000\040\000y\000\040\000t\000o\000t\000a\000l\000\040\000g\000e\000n\000e\000r\000a\000l}{subsection.8.14}% 49
\BOOKMARK [3][-]{subsubsection.8.14.3}{\376\377\000E\000x\000p\000r\000e\000s\000i\000o\000n\000e\000s\000\040\000a\000r\000i\000t\000m\000\351\000t\000i\000c\000a\000s\000\040\000e\000n\000\040\000G\000R\000O\000U\000P\000\040\000B\000Y\000\040\000y\000\040\000H\000A\000V\000I\000N\000G}{subsection.8.14}% 50
\BOOKMARK [3][-]{subsubsection.8.14.4}{\376\377\000F\000O\000R\000M\000A\000T\000:\000\040\000f\000o\000r\000m\000a\000t\000o\000\040\000d\000e\000\040\000n\000\372\000m\000e\000r\000o\000s\000\040\000e\000n\000\040\000l\000a\000\040\000s\000a\000l\000i\000d\000a}{subsection.8.14}% 51
\BOOKMARK [1][-]{section.9}{\376\377\000A\000l\000m\000a\000c\000e\000n\000a\000m\000i\000e\000n\000t\000o\000\040\000d\000e\000\040\000D\000a\000t\000o\000s\000\040\000R\000e\000l\000a\000c\000i\000o\000n\000a\000d\000o\000s}{}% 52
\BOOKMARK [2][-]{subsection.9.1}{\376\377\000I\000n\000s\000e\000r\000c\000i\000\363\000n\000\040\000e\000n\000\040\000T\000a\000b\000l\000a\000s\000\040\000c\000o\000n\000\040\000R\000e\000l\000a\000c\000i\000\363\000n\000\040\0001\000:\0001}{section.9}% 53
\BOOKMARK [2][-]{subsection.9.2}{\376\377\000I\000n\000s\000e\000r\000c\000i\000\363\000n\000\040\000e\000n\000\040\000T\000a\000b\000l\000a\000s\000\040\000c\000o\000n\000\040\000R\000e\000l\000a\000c\000i\000\363\000n\000\040\0001\000:\000N}{section.9}% 54
\BOOKMARK [2][-]{subsection.9.3}{\376\377\000I\000n\000s\000e\000r\000c\000i\000\363\000n\000\040\000e\000n\000\040\000T\000a\000b\000l\000a\000s\000\040\000c\000o\000n\000\040\000R\000e\000l\000a\000c\000i\000\363\000n\000\040\000N\000:\000M}{section.9}% 55
\BOOKMARK [1][-]{section.10}{\376\377\000E\000s\000c\000r\000i\000t\000u\000r\000a\000\040\000d\000e\000\040\000D\000a\000t\000o\000s}{}% 56
\BOOKMARK [2][-]{subsection.10.1}{\376\377\000I\000N\000S\000E\000R\000T}{section.10}% 57
\BOOKMARK [2][-]{subsection.10.2}{\376\377\000U\000P\000D\000A\000T\000E}{section.10}% 58
\BOOKMARK [2][-]{subsection.10.3}{\376\377\000D\000E\000L\000E\000T\000E}{section.10}% 59
\BOOKMARK [1][-]{section.11}{\376\377\000A\000d\000m\000i\000n\000i\000s\000t\000r\000a\000c\000i\000\363\000n\000\040\000d\000e\000\040\000l\000a\000\040\000B\000a\000s\000e\000\040\000d\000e\000\040\000D\000a\000t\000o\000s}{}% 60
\BOOKMARK [2][-]{subsection.11.1}{\376\377\000C\000R\000E\000A\000T\000E\000\040\000D\000A\000T\000A\000B\000A\000S\000E}{section.11}% 61
\BOOKMARK [2][-]{subsection.11.2}{\376\377\000D\000R\000O\000P\000\040\000D\000A\000T\000A\000B\000A\000S\000E}{section.11}% 62
\BOOKMARK [1][-]{section.12}{\376\377\000C\000o\000n\000c\000e\000p\000t\000o\000s\000\040\000A\000v\000a\000n\000z\000a\000d\000o\000s}{}% 63
\BOOKMARK [2][-]{subsection.12.1}{\376\377\000I\000N\000D\000E\000X}{section.12}% 64
\BOOKMARK [2][-]{subsection.12.2}{\376\377\000T\000R\000I\000G\000G\000E\000R}{section.12}% 65
\BOOKMARK [2][-]{subsection.12.3}{\376\377\000V\000I\000E\000W}{section.12}% 66
\BOOKMARK [2][-]{subsection.12.4}{\376\377\000S\000T\000O\000R\000E\000D\000\040\000P\000R\000O\000C\000E\000D\000U\000R\000E}{section.12}% 67
\BOOKMARK [2][-]{subsection.12.5}{\376\377\000T\000r\000a\000n\000s\000a\000c\000c\000i\000o\000n\000e\000s}{section.12}% 68
\BOOKMARK [2][-]{subsection.12.6}{\376\377\000C\000o\000n\000c\000u\000r\000r\000e\000n\000c\000i\000a}{section.12}% 69
\BOOKMARK [1][-]{section.13}{\376\377\000C\000o\000n\000e\000x\000i\000\363\000n\000\040\000d\000e\000s\000d\000e\000\040\000C\000\363\000d\000i\000g\000o}{}% 70
\BOOKMARK [2][-]{subsection.13.1}{\376\377\000C\000o\000n\000e\000c\000t\000o\000r\000e\000s\000\040\000y\000\040\000D\000r\000i\000v\000e\000r\000s}{section.13}% 71
\BOOKMARK [2][-]{subsection.13.2}{\376\377\000S\000Q\000L\000\040\000I\000n\000j\000e\000c\000t\000i\000o\000n}{section.13}% 72
\BOOKMARK [1][-]{section.14}{\376\377\000O\000t\000r\000o\000s\000\040\000C\000l\000i\000e\000n\000t\000e\000s\000\040\000S\000Q\000L}{}% 73
\BOOKMARK [1][-]{section.15}{\376\377\000P\000o\000s\000t\000g\000r\000e\000S\000Q\000L}{}% 74
\BOOKMARK [1][-]{section.16}{\376\377\000D\000e\000s\000p\000l\000i\000e\000g\000u\000e\000\040\000e\000n\000\040\000l\000a\000\040\000N\000u\000b\000e}{}% 75
\BOOKMARK [1][-]{section.17}{\376\377\000P\000r\000\363\000x\000i\000m\000o\000s\000\040\000P\000a\000s\000o\000s}{}% 76
