\BOOKMARK [1][-]{section.1}{\376\377\000\277\000Q\000u\000\351\000\040\000e\000s\000\040\000u\000n\000a\000\040\000B\000a\000s\000e\000\040\000d\000e\000\040\000D\000a\000t\000o\000s\000?}{}% 1
\BOOKMARK [2][-]{subsection.1.1}{\376\377\000A\000n\000a\000l\000o\000g\000\355\000a\000\040\000c\000o\000n\000\040\000e\000l\000\040\000m\000u\000n\000d\000o\000\040\000r\000e\000a\000l}{section.1}% 2
\BOOKMARK [1][-]{section.2}{\376\377\000C\000o\000n\000s\000u\000l\000t\000a\000\040\000d\000e\000\040\000D\000a\000t\000o\000s\000:\000\040\000S\000E\000L\000E\000C\000T}{}% 3
\BOOKMARK [2][-]{subsection.2.1}{\376\377\000S\000i\000n\000t\000a\000x\000i\000s\000\040\000c\000o\000m\000p\000l\000e\000t\000a\000\040\000y\000\040\000c\000l\000\341\000u\000s\000u\000l\000a\000s}{section.2}% 4
\BOOKMARK [2][-]{subsection.2.2}{\376\377\000T\000a\000b\000l\000a\000\040\000d\000e\000\040\000e\000j\000e\000m\000p\000l\000o}{section.2}% 5
\BOOKMARK [2][-]{subsection.2.3}{\376\377\000P\000r\000o\000y\000e\000c\000c\000i\000\363\000n\000\040\000d\000e\000\040\000c\000o\000l\000u\000m\000n\000a\000s\000:\000\040\000S\000E\000L\000E\000C\000T\000\040\000*\000\040\000y\000\040\000c\000o\000l\000u\000m\000n\000a\000s\000\040\000e\000s\000p\000e\000c\000\355\000f\000i\000c\000a\000s}{section.2}% 6
\BOOKMARK [2][-]{subsection.2.4}{\376\377\000O\000p\000e\000r\000a\000d\000o\000r\000e\000s\000\040\000a\000r\000i\000t\000m\000\351\000t\000i\000c\000o\000s}{section.2}% 7
\BOOKMARK [2][-]{subsection.2.5}{\376\377\000O\000p\000e\000r\000a\000d\000o\000r\000e\000s\000\040\000d\000e\000\040\000c\000o\000m\000p\000a\000r\000a\000c\000i\000\363\000n}{section.2}% 8
\BOOKMARK [1][-]{section.3}{\376\377\000M\000o\000d\000i\000f\000i\000c\000a\000d\000o\000r\000e\000s\000:\000\040\000F\000i\000l\000t\000r\000a\000d\000o\000,\000\040\000O\000r\000d\000e\000n\000a\000m\000i\000e\000n\000t\000o\000\040\000y\000\040\000A\000g\000r\000u\000p\000a\000c\000i\000\363\000n}{}% 9
\BOOKMARK [2][-]{subsection.3.1}{\376\377\000D\000I\000S\000T\000I\000N\000C\000T}{section.3}% 10
\BOOKMARK [2][-]{subsection.3.2}{\376\377\000W\000H\000E\000R\000E}{section.3}% 11
\BOOKMARK [2][-]{subsection.3.3}{\376\377\000O\000R\000D\000E\000R\000\040\000B\000Y}{section.3}% 12
\BOOKMARK [2][-]{subsection.3.4}{\376\377\000L\000I\000K\000E}{section.3}% 13
\BOOKMARK [2][-]{subsection.3.5}{\376\377\000A\000N\000D\000,\000\040\000O\000R\000,\000\040\000N\000O\000T}{section.3}% 14
\BOOKMARK [2][-]{subsection.3.6}{\376\377\000I\000N\000\040\000y\000\040\000B\000E\000T\000W\000E\000E\000N}{section.3}% 15
\BOOKMARK [2][-]{subsection.3.7}{\376\377\000G\000R\000O\000U\000P\000\040\000B\000Y\000\040\000y\000\040\000H\000A\000V\000I\000N\000G}{section.3}% 16
\BOOKMARK [2][-]{subsection.3.8}{\376\377\000C\000A\000S\000E}{section.3}% 17
\BOOKMARK [2][-]{subsection.3.9}{\376\377\000C\000O\000A\000L\000E\000S\000C\000E\000\040\000e\000\040\000I\000F\000N\000U\000L\000L}{section.3}% 18
\BOOKMARK [2][-]{subsection.3.10}{\376\377\000C\000o\000m\000b\000i\000n\000a\000c\000i\000\363\000n\000\040\000d\000e\000\040\000t\000a\000b\000l\000a\000s\000:\000\040\000J\000O\000I\000N}{section.3}% 19
\BOOKMARK [3][-]{subsubsection.3.10.1}{\376\377\000I\000N\000N\000E\000R\000\040\000J\000O\000I\000N}{subsection.3.10}% 20
\BOOKMARK [3][-]{subsubsection.3.10.2}{\376\377\000L\000E\000F\000T\000\040\000J\000O\000I\000N}{subsection.3.10}% 21
\BOOKMARK [3][-]{subsubsection.3.10.3}{\376\377\000R\000I\000G\000H\000T\000\040\000J\000O\000I\000N}{subsection.3.10}% 22
\BOOKMARK [3][-]{subsubsection.3.10.4}{\376\377\000U\000N\000I\000O\000N}{subsection.3.10}% 23
